Partition Merge report for GPU
Thu Dec  5 22:26:54 2024
Quartus Prime Version 23.1std.1 Build 993 05/14/2024 SC Lite Edition


---------------------
; Table of Contents ;
---------------------
  1. Legal Notice
  2. Partition Merge Summary
  3. Partition Merge Netlist Types Used
  4. Partition Merge Partition Statistics
  5. Partition Merge Partition Pin Processing
  6. Partition Merge Resource Usage Summary
  7. Partition Merge RAM Summary
  8. Partition Merge DSP Block Usage Summary
  9. Partition Merge Messages



----------------
; Legal Notice ;
----------------
Copyright (C) 2024  Intel Corporation. All rights reserved.
Your use of Intel Corporation's design tools, logic functions 
and other software and tools, and any partner logic 
functions, and any output files from any of the foregoing 
(including device programming or simulation files), and any 
associated documentation or information are expressly subject 
to the terms and conditions of the Intel Program License 
Subscription Agreement, the Intel Quartus Prime License Agreement,
the Intel FPGA IP License Agreement, or other applicable license
agreement, including, without limitation, that your use is for
the sole purpose of programming logic devices manufactured by
Intel and sold by Intel or its authorized distributors.  Please
refer to the applicable agreement for further details, at
https://fpgasoftware.intel.com/eula.



+----------------------------------------------------------------------------------+
; Partition Merge Summary                                                          ;
+---------------------------------+------------------------------------------------+
; Partition Merge Status          ; Successful - Thu Dec  5 22:26:54 2024          ;
; Quartus Prime Version           ; 23.1std.1 Build 993 05/14/2024 SC Lite Edition ;
; Revision Name                   ; GPU                                            ;
; Top-level Entity Name           ; system_mapped1                                 ;
; Family                          ; Cyclone V                                      ;
; Logic utilization (in ALMs)     ; N/A                                            ;
; Total registers                 ; 8452                                           ;
; Total pins                      ; 32                                             ;
; Total virtual pins              ; 0                                              ;
; Total block memory bits         ; 1,048,576                                      ;
; Total DSP Blocks                ; 22                                             ;
; Total HSSI RX PCSs              ; 0                                              ;
; Total HSSI PMA RX Deserializers ; 0                                              ;
; Total HSSI TX PCSs              ; 0                                              ;
; Total HSSI PMA TX Serializers   ; 0                                              ;
; Total PLLs                      ; 0                                              ;
; Total DLLs                      ; 0                                              ;
+---------------------------------+------------------------------------------------+


+-------------------------------------------------------------------------------------------------------------------------------+
; Partition Merge Netlist Types Used                                                                                            ;
+--------------------------------+----------------+-------------------+------------------------+--------------------------------+
; Partition Name                 ; Partition Type ; Netlist Type Used ; Netlist Type Requested ; Partition Contents             ;
+--------------------------------+----------------+-------------------+------------------------+--------------------------------+
; Top                            ; User-created   ; Source File       ; Source File            ;                                ;
; hard_block:auto_generated_inst ; Auto-generated ; Source File       ; Source File            ; hard_block:auto_generated_inst ;
+--------------------------------+----------------+-------------------+------------------------+--------------------------------+


+----------------------------------------------------------------------------------------+
; Partition Merge Partition Statistics                                                   ;
+---------------------------------------------+---------+--------------------------------+
; Statistic                                   ; Top     ; hard_block:auto_generated_inst ;
+---------------------------------------------+---------+--------------------------------+
; Estimate of Logic utilization (ALMs needed) ; 18540   ; 0                              ;
;                                             ;         ;                                ;
; Combinational ALUT usage for logic          ; 28882   ; 0                              ;
;     -- 7 input functions                    ; 280     ; 0                              ;
;     -- 6 input functions                    ; 4359    ; 0                              ;
;     -- 5 input functions                    ; 7957    ; 0                              ;
;     -- 4 input functions                    ; 7470    ; 0                              ;
;     -- <=3 input functions                  ; 8816    ; 0                              ;
; Memory ALUT usage                           ; 0       ; 0                              ;
;     -- 64-address deep                      ; 0       ; 0                              ;
;     -- 32-address deep                      ; 0       ; 0                              ;
;                                             ;         ;                                ;
; Dedicated logic registers                   ; 8452    ; 0                              ;
;                                             ;         ;                                ;
;                                             ;         ;                                ;
; I/O pins                                    ; 32      ; 0                              ;
; I/O registers                               ; 0       ; 0                              ;
; Total block memory bits                     ; 1048576 ; 0                              ;
; Total block memory implementation bits      ; 0       ; 0                              ;
; DSP block                                   ; 22      ; 0                              ;
;                                             ;         ;                                ;
; Connections                                 ;         ;                                ;
;     -- Input Connections                    ; 0       ; 0                              ;
;     -- Registered Input Connections         ; 0       ; 0                              ;
;     -- Output Connections                   ; 0       ; 0                              ;
;     -- Registered Output Connections        ; 0       ; 0                              ;
;                                             ;         ;                                ;
; Internal Connections                        ;         ;                                ;
;     -- Total Connections                    ; 155954  ; 0                              ;
;     -- Registered Connections               ; 14103   ; 0                              ;
;                                             ;         ;                                ;
; External Connections                        ;         ;                                ;
;     -- Top                                  ; 0       ; 0                              ;
;     -- hard_block:auto_generated_inst       ; 0       ; 0                              ;
;                                             ;         ;                                ;
; Partition Interface                         ;         ;                                ;
;     -- Input Ports                          ; 3       ; 0                              ;
;     -- Output Ports                         ; 29      ; 0                              ;
;     -- Bidir Ports                          ; 0       ; 0                              ;
;                                             ;         ;                                ;
; Registered Ports                            ;         ;                                ;
;     -- Registered Input Ports               ; 0       ; 0                              ;
;     -- Registered Output Ports              ; 0       ; 0                              ;
;                                             ;         ;                                ;
; Port Connectivity                           ;         ;                                ;
;     -- Input Ports driven by GND            ; 0       ; 0                              ;
;     -- Output Ports driven by GND           ; 0       ; 0                              ;
;     -- Input Ports driven by VCC            ; 0       ; 0                              ;
;     -- Output Ports driven by VCC           ; 0       ; 0                              ;
;     -- Input Ports with no Source           ; 0       ; 0                              ;
;     -- Output Ports with no Source          ; 0       ; 0                              ;
;     -- Input Ports with no Fanout           ; 0       ; 0                              ;
;     -- Output Ports with no Fanout          ; 0       ; 0                              ;
+---------------------------------------------+---------+--------------------------------+
Note: Resource usage numbers presented for Partitions containing post-synthesis logic are estimates.  For Partitions containing post-fit logic, resource usage numbers are accurate based on previous placement information.  Actual Fitter results may vary depending on current Fitter Preservation Level assignments.


+------------------------------------------------------------------------------+
; Partition Merge Partition Pin Processing                                     ;
+-------------------------+-----------+---------------+----------+-------------+
; Name                    ; Partition ; Type          ; Location ; Status      ;
+-------------------------+-----------+---------------+----------+-------------+
; blue[0]                 ; Top       ; Output Port   ; n/a      ;             ;
;     -- blue[0]          ; Top       ; Output Pad    ; Unplaced ; Synthesized ;
;     -- blue[0]~output   ; Top       ; Output Buffer ; Unplaced ; Synthesized ;
;                         ;           ;               ;          ;             ;
; blue[1]                 ; Top       ; Output Port   ; n/a      ;             ;
;     -- blue[1]          ; Top       ; Output Pad    ; Unplaced ; Synthesized ;
;     -- blue[1]~output   ; Top       ; Output Buffer ; Unplaced ; Synthesized ;
;                         ;           ;               ;          ;             ;
; blue[2]                 ; Top       ; Output Port   ; n/a      ;             ;
;     -- blue[2]          ; Top       ; Output Pad    ; Unplaced ; Synthesized ;
;     -- blue[2]~output   ; Top       ; Output Buffer ; Unplaced ; Synthesized ;
;                         ;           ;               ;          ;             ;
; blue[3]                 ; Top       ; Output Port   ; n/a      ;             ;
;     -- blue[3]          ; Top       ; Output Pad    ; Unplaced ; Synthesized ;
;     -- blue[3]~output   ; Top       ; Output Buffer ; Unplaced ; Synthesized ;
;                         ;           ;               ;          ;             ;
; blue[4]                 ; Top       ; Output Port   ; n/a      ;             ;
;     -- blue[4]          ; Top       ; Output Pad    ; Unplaced ; Synthesized ;
;     -- blue[4]~output   ; Top       ; Output Buffer ; Unplaced ; Synthesized ;
;                         ;           ;               ;          ;             ;
; blue[5]                 ; Top       ; Output Port   ; n/a      ;             ;
;     -- blue[5]          ; Top       ; Output Pad    ; Unplaced ; Synthesized ;
;     -- blue[5]~output   ; Top       ; Output Buffer ; Unplaced ; Synthesized ;
;                         ;           ;               ;          ;             ;
; blue[6]                 ; Top       ; Output Port   ; n/a      ;             ;
;     -- blue[6]          ; Top       ; Output Pad    ; Unplaced ; Synthesized ;
;     -- blue[6]~output   ; Top       ; Output Buffer ; Unplaced ; Synthesized ;
;                         ;           ;               ;          ;             ;
; blue[7]                 ; Top       ; Output Port   ; n/a      ;             ;
;     -- blue[7]          ; Top       ; Output Pad    ; Unplaced ; Synthesized ;
;     -- blue[7]~output   ; Top       ; Output Buffer ; Unplaced ; Synthesized ;
;                         ;           ;               ;          ;             ;
; clock                   ; Top       ; Input Port    ; n/a      ;             ;
;     -- clock            ; Top       ; Input Pad     ; Unplaced ; Synthesized ;
;     -- clock~input      ; Top       ; Input Buffer  ; Unplaced ; Synthesized ;
;                         ;           ;               ;          ;             ;
; green[0]                ; Top       ; Output Port   ; n/a      ;             ;
;     -- green[0]         ; Top       ; Output Pad    ; Unplaced ; Synthesized ;
;     -- green[0]~output  ; Top       ; Output Buffer ; Unplaced ; Synthesized ;
;                         ;           ;               ;          ;             ;
; green[1]                ; Top       ; Output Port   ; n/a      ;             ;
;     -- green[1]         ; Top       ; Output Pad    ; Unplaced ; Synthesized ;
;     -- green[1]~output  ; Top       ; Output Buffer ; Unplaced ; Synthesized ;
;                         ;           ;               ;          ;             ;
; green[2]                ; Top       ; Output Port   ; n/a      ;             ;
;     -- green[2]         ; Top       ; Output Pad    ; Unplaced ; Synthesized ;
;     -- green[2]~output  ; Top       ; Output Buffer ; Unplaced ; Synthesized ;
;                         ;           ;               ;          ;             ;
; green[3]                ; Top       ; Output Port   ; n/a      ;             ;
;     -- green[3]         ; Top       ; Output Pad    ; Unplaced ; Synthesized ;
;     -- green[3]~output  ; Top       ; Output Buffer ; Unplaced ; Synthesized ;
;                         ;           ;               ;          ;             ;
; green[4]                ; Top       ; Output Port   ; n/a      ;             ;
;     -- green[4]         ; Top       ; Output Pad    ; Unplaced ; Synthesized ;
;     -- green[4]~output  ; Top       ; Output Buffer ; Unplaced ; Synthesized ;
;                         ;           ;               ;          ;             ;
; green[5]                ; Top       ; Output Port   ; n/a      ;             ;
;     -- green[5]         ; Top       ; Output Pad    ; Unplaced ; Synthesized ;
;     -- green[5]~output  ; Top       ; Output Buffer ; Unplaced ; Synthesized ;
;                         ;           ;               ;          ;             ;
; green[6]                ; Top       ; Output Port   ; n/a      ;             ;
;     -- green[6]         ; Top       ; Output Pad    ; Unplaced ; Synthesized ;
;     -- green[6]~output  ; Top       ; Output Buffer ; Unplaced ; Synthesized ;
;                         ;           ;               ;          ;             ;
; green[7]                ; Top       ; Output Port   ; n/a      ;             ;
;     -- green[7]         ; Top       ; Output Pad    ; Unplaced ; Synthesized ;
;     -- green[7]~output  ; Top       ; Output Buffer ; Unplaced ; Synthesized ;
;                         ;           ;               ;          ;             ;
; h_sync                  ; Top       ; Output Port   ; n/a      ;             ;
;     -- h_sync           ; Top       ; Output Pad    ; Unplaced ; Synthesized ;
;     -- h_sync~output    ; Top       ; Output Buffer ; Unplaced ; Synthesized ;
;                         ;           ;               ;          ;             ;
; red[0]                  ; Top       ; Output Port   ; n/a      ;             ;
;     -- red[0]           ; Top       ; Output Pad    ; Unplaced ; Synthesized ;
;     -- red[0]~output    ; Top       ; Output Buffer ; Unplaced ; Synthesized ;
;                         ;           ;               ;          ;             ;
; red[1]                  ; Top       ; Output Port   ; n/a      ;             ;
;     -- red[1]           ; Top       ; Output Pad    ; Unplaced ; Synthesized ;
;     -- red[1]~output    ; Top       ; Output Buffer ; Unplaced ; Synthesized ;
;                         ;           ;               ;          ;             ;
; red[2]                  ; Top       ; Output Port   ; n/a      ;             ;
;     -- red[2]           ; Top       ; Output Pad    ; Unplaced ; Synthesized ;
;     -- red[2]~output    ; Top       ; Output Buffer ; Unplaced ; Synthesized ;
;                         ;           ;               ;          ;             ;
; red[3]                  ; Top       ; Output Port   ; n/a      ;             ;
;     -- red[3]           ; Top       ; Output Pad    ; Unplaced ; Synthesized ;
;     -- red[3]~output    ; Top       ; Output Buffer ; Unplaced ; Synthesized ;
;                         ;           ;               ;          ;             ;
; red[4]                  ; Top       ; Output Port   ; n/a      ;             ;
;     -- red[4]           ; Top       ; Output Pad    ; Unplaced ; Synthesized ;
;     -- red[4]~output    ; Top       ; Output Buffer ; Unplaced ; Synthesized ;
;                         ;           ;               ;          ;             ;
; red[5]                  ; Top       ; Output Port   ; n/a      ;             ;
;     -- red[5]           ; Top       ; Output Pad    ; Unplaced ; Synthesized ;
;     -- red[5]~output    ; Top       ; Output Buffer ; Unplaced ; Synthesized ;
;                         ;           ;               ;          ;             ;
; red[6]                  ; Top       ; Output Port   ; n/a      ;             ;
;     -- red[6]           ; Top       ; Output Pad    ; Unplaced ; Synthesized ;
;     -- red[6]~output    ; Top       ; Output Buffer ; Unplaced ; Synthesized ;
;                         ;           ;               ;          ;             ;
; red[7]                  ; Top       ; Output Port   ; n/a      ;             ;
;     -- red[7]           ; Top       ; Output Pad    ; Unplaced ; Synthesized ;
;     -- red[7]~output    ; Top       ; Output Buffer ; Unplaced ; Synthesized ;
;                         ;           ;               ;          ;             ;
; reset                   ; Top       ; Input Port    ; n/a      ;             ;
;     -- reset            ; Top       ; Input Pad     ; Unplaced ; Synthesized ;
;     -- reset~input      ; Top       ; Input Buffer  ; Unplaced ; Synthesized ;
;                         ;           ;               ;          ;             ;
; rx                      ; Top       ; Input Port    ; n/a      ;             ;
;     -- rx               ; Top       ; Input Pad     ; Unplaced ; Synthesized ;
;     -- rx~input         ; Top       ; Input Buffer  ; Unplaced ; Synthesized ;
;                         ;           ;               ;          ;             ;
; v_sync                  ; Top       ; Output Port   ; n/a      ;             ;
;     -- v_sync           ; Top       ; Output Pad    ; Unplaced ; Synthesized ;
;     -- v_sync~output    ; Top       ; Output Buffer ; Unplaced ; Synthesized ;
;                         ;           ;               ;          ;             ;
; vga_blank               ; Top       ; Output Port   ; n/a      ;             ;
;     -- vga_blank        ; Top       ; Output Pad    ; Unplaced ; Synthesized ;
;     -- vga_blank~output ; Top       ; Output Buffer ; Unplaced ; Synthesized ;
;                         ;           ;               ;          ;             ;
; vga_clock               ; Top       ; Output Port   ; n/a      ;             ;
;     -- vga_clock        ; Top       ; Output Pad    ; Unplaced ; Synthesized ;
;     -- vga_clock~output ; Top       ; Output Buffer ; Unplaced ; Synthesized ;
;                         ;           ;               ;          ;             ;
; vga_sync                ; Top       ; Output Port   ; n/a      ;             ;
;     -- vga_sync         ; Top       ; Output Pad    ; Unplaced ; Synthesized ;
;     -- vga_sync~output  ; Top       ; Output Buffer ; Unplaced ; Synthesized ;
;                         ;           ;               ;          ;             ;
+-------------------------+-----------+---------------+----------+-------------+


+-----------------------------------------------------------+
; Partition Merge Resource Usage Summary                    ;
+---------------------------------------------+-------------+
; Resource                                    ; Usage       ;
+---------------------------------------------+-------------+
; Estimate of Logic utilization (ALMs needed) ; 17400       ;
;                                             ;             ;
; Combinational ALUT usage for logic          ; 28882       ;
;     -- 7 input functions                    ; 280         ;
;     -- 6 input functions                    ; 4359        ;
;     -- 5 input functions                    ; 7957        ;
;     -- 4 input functions                    ; 7470        ;
;     -- <=3 input functions                  ; 8816        ;
;                                             ;             ;
; Dedicated logic registers                   ; 8452        ;
;                                             ;             ;
; I/O pins                                    ; 32          ;
; Total MLAB memory bits                      ; 0           ;
; Total block memory bits                     ; 1048576     ;
;                                             ;             ;
; Total DSP Blocks                            ; 22          ;
;                                             ;             ;
; Maximum fan-out node                        ; clock~input ;
; Maximum fan-out                             ; 8580        ;
; Total fan-out                               ; 154971      ;
; Average fan-out                             ; 4.13        ;
+---------------------------------------------+-------------+


+----------------------------------------------------------------------------------------------------------------------------------------------------------------------------------------------------------------------------------------------+
; Partition Merge RAM Summary                                                                                                                                                                                                                  ;
+----------------------------------------------------------------------------------------------------------+------+----------------+--------------+--------------+--------------+--------------+---------+-------------------------------------+
; Name                                                                                                     ; Type ; Mode           ; Port A Depth ; Port A Width ; Port B Depth ; Port B Width ; Size    ; MIF                                 ;
+----------------------------------------------------------------------------------------------------------+------+----------------+--------------+--------------+--------------+--------------+---------+-------------------------------------+
; memoryMappedIO:memoryAndIO|memory:memory1|altsyncram:ram_rtl_0|altsyncram_cr52:auto_generated|ALTSYNCRAM ; AUTO ; True Dual Port ; 65536        ; 16           ; 65536        ; 16           ; 1048576 ; db/GPU.ram0_memory_e411fb78.hdl.mif ;
+----------------------------------------------------------------------------------------------------------+------+----------------+--------------+--------------+--------------+--------------+---------+-------------------------------------+


+--------------------------------------------------------+
; Partition Merge DSP Block Usage Summary                ;
+------------------------------------------+-------------+
; Statistic                                ; Number Used ;
+------------------------------------------+-------------+
; Two Independent 18x18                    ; 4           ;
; Independent 18x18 plus 36                ; 1           ;
; Sum of two 18x18                         ; 3           ;
; Independent 27x27                        ; 14          ;
; Total number of DSP blocks               ; 22          ;
;                                          ;             ;
; Fixed Point Signed Multiplier            ; 11          ;
; Fixed Point Unsigned Multiplier          ; 8           ;
; Fixed Point Mixed Sign Multiplier        ; 6           ;
; Fixed Point Dedicated Output Adder Chain ; 2           ;
+------------------------------------------+-------------+


+--------------------------+
; Partition Merge Messages ;
+--------------------------+
Info: *******************************************************************
Info: Running Quartus Prime Partition Merge
    Info: Version 23.1std.1 Build 993 05/14/2024 SC Lite Edition
    Info: Processing started: Thu Dec  5 22:26:51 2024
Info: Command: quartus_cdb --read_settings_files=off --write_settings_files=off GPU -c GPU --merge=on
Critical Warning (138067): Current license file does not support incremental compilation. The Quartus Prime software removes all the user-specified design partitions in the design automatically.
Info (35007): Using synthesis netlist for partition "Top"
Info (35002): Resolved and merged 1 partition(s)
Info (16010): Generating hard_block partition "hard_block:auto_generated_inst"
    Info (16011): Adding 0 node(s), including 0 DDIO, 0 PLL, 0 transceiver and 0 LCELL
Critical Warning (138067): Current license file does not support incremental compilation. The Quartus Prime software removes all the user-specified design partitions in the design automatically.
Info (21057): Implemented 37365 device resources after synthesis - the final resource count might be different
    Info (21058): Implemented 3 input pins
    Info (21059): Implemented 29 output pins
    Info (21061): Implemented 37183 logic cells
    Info (21064): Implemented 128 RAM segments
    Info (21062): Implemented 22 DSP elements
Info: Quartus Prime Partition Merge was successful. 0 errors, 2 warnings
    Info: Peak virtual memory: 773 megabytes
    Info: Processing ended: Thu Dec  5 22:26:55 2024
    Info: Elapsed time: 00:00:04
    Info: Total CPU time (on all processors): 00:00:04


