------------------------------------------------------------
Timing Analyzer Summary
------------------------------------------------------------

Type  : Slow 1100mV 85C Model Setup 'clock'
Slack : -152.182
TNS   : -176834.154

Type  : Slow 1100mV 85C Model Setup 'cpu:cpu1|controller:controller1|state.DECODE'
Slack : -8.635
TNS   : -28.954

Type  : Slow 1100mV 85C Model Setup 'cpu:cpu1|datapath:datapath1|flop_enable_reset:instruction_register|q[12]'
Slack : -8.590
TNS   : -197.118

Type  : Slow 1100mV 85C Model Setup 'cpu:cpu1|datapath:datapath1|flop_enable_reset:instruction_register|q[4]'
Slack : -7.192
TNS   : -179.269

Type  : Slow 1100mV 85C Model Hold 'clock'
Slack : 0.339
TNS   : 0.000

Type  : Slow 1100mV 85C Model Hold 'cpu:cpu1|datapath:datapath1|flop_enable_reset:instruction_register|q[4]'
Slack : 0.729
TNS   : 0.000

Type  : Slow 1100mV 85C Model Hold 'cpu:cpu1|datapath:datapath1|flop_enable_reset:instruction_register|q[12]'
Slack : 1.786
TNS   : 0.000

Type  : Slow 1100mV 85C Model Hold 'cpu:cpu1|controller:controller1|state.DECODE'
Slack : 2.709
TNS   : 0.000

Type  : Slow 1100mV 85C Model Recovery 'cpu:cpu1|datapath:datapath1|flop_enable_reset:instruction_register|q[4]'
Slack : -5.355
TNS   : -98.439

Type  : Slow 1100mV 85C Model Recovery 'cpu:cpu1|datapath:datapath1|flop_enable_reset:instruction_register|q[12]'
Slack : -3.931
TNS   : -82.492

Type  : Slow 1100mV 85C Model Removal 'cpu:cpu1|datapath:datapath1|flop_enable_reset:instruction_register|q[4]'
Slack : 0.854
TNS   : 0.000

Type  : Slow 1100mV 85C Model Removal 'cpu:cpu1|datapath:datapath1|flop_enable_reset:instruction_register|q[12]'
Slack : 2.207
TNS   : 0.000

Type  : Slow 1100mV 85C Model Minimum Pulse Width 'clock'
Slack : -2.636
TNS   : -30930.517

Type  : Slow 1100mV 85C Model Minimum Pulse Width 'cpu:cpu1|datapath:datapath1|flop_enable_reset:instruction_register|q[12]'
Slack : 0.121
TNS   : 0.000

Type  : Slow 1100mV 85C Model Minimum Pulse Width 'cpu:cpu1|datapath:datapath1|flop_enable_reset:instruction_register|q[4]'
Slack : 0.207
TNS   : 0.000

Type  : Slow 1100mV 85C Model Minimum Pulse Width 'cpu:cpu1|controller:controller1|state.DECODE'
Slack : 0.324
TNS   : 0.000

Type  : Slow 1100mV 0C Model Setup 'clock'
Slack : -155.848
TNS   : -173430.942

Type  : Slow 1100mV 0C Model Setup 'cpu:cpu1|controller:controller1|state.DECODE'
Slack : -8.592
TNS   : -29.236

Type  : Slow 1100mV 0C Model Setup 'cpu:cpu1|datapath:datapath1|flop_enable_reset:instruction_register|q[12]'
Slack : -8.504
TNS   : -197.006

Type  : Slow 1100mV 0C Model Setup 'cpu:cpu1|datapath:datapath1|flop_enable_reset:instruction_register|q[4]'
Slack : -7.125
TNS   : -179.900

Type  : Slow 1100mV 0C Model Hold 'clock'
Slack : 0.303
TNS   : 0.000

Type  : Slow 1100mV 0C Model Hold 'cpu:cpu1|datapath:datapath1|flop_enable_reset:instruction_register|q[4]'
Slack : 0.668
TNS   : 0.000

Type  : Slow 1100mV 0C Model Hold 'cpu:cpu1|datapath:datapath1|flop_enable_reset:instruction_register|q[12]'
Slack : 1.654
TNS   : 0.000

Type  : Slow 1100mV 0C Model Hold 'cpu:cpu1|controller:controller1|state.DECODE'
Slack : 2.792
TNS   : 0.000

Type  : Slow 1100mV 0C Model Recovery 'cpu:cpu1|datapath:datapath1|flop_enable_reset:instruction_register|q[4]'
Slack : -5.390
TNS   : -94.903

Type  : Slow 1100mV 0C Model Recovery 'cpu:cpu1|datapath:datapath1|flop_enable_reset:instruction_register|q[12]'
Slack : -3.723
TNS   : -77.854

Type  : Slow 1100mV 0C Model Removal 'cpu:cpu1|datapath:datapath1|flop_enable_reset:instruction_register|q[4]'
Slack : 0.531
TNS   : 0.000

Type  : Slow 1100mV 0C Model Removal 'cpu:cpu1|datapath:datapath1|flop_enable_reset:instruction_register|q[12]'
Slack : 2.007
TNS   : 0.000

Type  : Slow 1100mV 0C Model Minimum Pulse Width 'clock'
Slack : -2.636
TNS   : -31167.937

Type  : Slow 1100mV 0C Model Minimum Pulse Width 'cpu:cpu1|datapath:datapath1|flop_enable_reset:instruction_register|q[12]'
Slack : 0.169
TNS   : 0.000

Type  : Slow 1100mV 0C Model Minimum Pulse Width 'cpu:cpu1|datapath:datapath1|flop_enable_reset:instruction_register|q[4]'
Slack : 0.185
TNS   : 0.000

Type  : Slow 1100mV 0C Model Minimum Pulse Width 'cpu:cpu1|controller:controller1|state.DECODE'
Slack : 0.322
TNS   : 0.000

Type  : Fast 1100mV 85C Model Setup 'clock'
Slack : -84.383
TNS   : -106471.226

Type  : Fast 1100mV 85C Model Setup 'cpu:cpu1|datapath:datapath1|flop_enable_reset:instruction_register|q[12]'
Slack : -5.204
TNS   : -110.016

Type  : Fast 1100mV 85C Model Setup 'cpu:cpu1|controller:controller1|state.DECODE'
Slack : -4.704
TNS   : -14.154

Type  : Fast 1100mV 85C Model Setup 'cpu:cpu1|datapath:datapath1|flop_enable_reset:instruction_register|q[4]'
Slack : -4.207
TNS   : -91.887

Type  : Fast 1100mV 85C Model Hold 'clock'
Slack : 0.180
TNS   : 0.000

Type  : Fast 1100mV 85C Model Hold 'cpu:cpu1|datapath:datapath1|flop_enable_reset:instruction_register|q[4]'
Slack : 0.314
TNS   : 0.000

Type  : Fast 1100mV 85C Model Hold 'cpu:cpu1|datapath:datapath1|flop_enable_reset:instruction_register|q[12]'
Slack : 1.188
TNS   : 0.000

Type  : Fast 1100mV 85C Model Hold 'cpu:cpu1|controller:controller1|state.DECODE'
Slack : 1.480
TNS   : 0.000

Type  : Fast 1100mV 85C Model Recovery 'cpu:cpu1|datapath:datapath1|flop_enable_reset:instruction_register|q[4]'
Slack : -2.694
TNS   : -58.212

Type  : Fast 1100mV 85C Model Recovery 'cpu:cpu1|datapath:datapath1|flop_enable_reset:instruction_register|q[12]'
Slack : -2.185
TNS   : -45.320

Type  : Fast 1100mV 85C Model Removal 'cpu:cpu1|datapath:datapath1|flop_enable_reset:instruction_register|q[4]'
Slack : 0.655
TNS   : 0.000

Type  : Fast 1100mV 85C Model Removal 'cpu:cpu1|datapath:datapath1|flop_enable_reset:instruction_register|q[12]'
Slack : 1.710
TNS   : 0.000

Type  : Fast 1100mV 85C Model Minimum Pulse Width 'clock'
Slack : -2.636
TNS   : -27431.009

Type  : Fast 1100mV 85C Model Minimum Pulse Width 'cpu:cpu1|datapath:datapath1|flop_enable_reset:instruction_register|q[12]'
Slack : 0.119
TNS   : 0.000

Type  : Fast 1100mV 85C Model Minimum Pulse Width 'cpu:cpu1|datapath:datapath1|flop_enable_reset:instruction_register|q[4]'
Slack : 0.228
TNS   : 0.000

Type  : Fast 1100mV 85C Model Minimum Pulse Width 'cpu:cpu1|controller:controller1|state.DECODE'
Slack : 0.334
TNS   : 0.000

Type  : Fast 1100mV 0C Model Setup 'clock'
Slack : -79.785
TNS   : -94046.685

Type  : Fast 1100mV 0C Model Setup 'cpu:cpu1|datapath:datapath1|flop_enable_reset:instruction_register|q[12]'
Slack : -4.702
TNS   : -102.224

Type  : Fast 1100mV 0C Model Setup 'cpu:cpu1|controller:controller1|state.DECODE'
Slack : -4.285
TNS   : -13.126

Type  : Fast 1100mV 0C Model Setup 'cpu:cpu1|datapath:datapath1|flop_enable_reset:instruction_register|q[4]'
Slack : -3.737
TNS   : -84.188

Type  : Fast 1100mV 0C Model Hold 'clock'
Slack : 0.047
TNS   : 0.000

Type  : Fast 1100mV 0C Model Hold 'cpu:cpu1|datapath:datapath1|flop_enable_reset:instruction_register|q[4]'
Slack : 0.430
TNS   : 0.000

Type  : Fast 1100mV 0C Model Hold 'cpu:cpu1|datapath:datapath1|flop_enable_reset:instruction_register|q[12]'
Slack : 1.030
TNS   : 0.000

Type  : Fast 1100mV 0C Model Hold 'cpu:cpu1|controller:controller1|state.DECODE'
Slack : 1.484
TNS   : 0.000

Type  : Fast 1100mV 0C Model Recovery 'cpu:cpu1|datapath:datapath1|flop_enable_reset:instruction_register|q[4]'
Slack : -2.491
TNS   : -49.372

Type  : Fast 1100mV 0C Model Recovery 'cpu:cpu1|datapath:datapath1|flop_enable_reset:instruction_register|q[12]'
Slack : -1.783
TNS   : -36.589

Type  : Fast 1100mV 0C Model Removal 'cpu:cpu1|datapath:datapath1|flop_enable_reset:instruction_register|q[4]'
Slack : 0.442
TNS   : 0.000

Type  : Fast 1100mV 0C Model Removal 'cpu:cpu1|datapath:datapath1|flop_enable_reset:instruction_register|q[12]'
Slack : 1.442
TNS   : 0.000

Type  : Fast 1100mV 0C Model Minimum Pulse Width 'clock'
Slack : -2.636
TNS   : -27433.531

Type  : Fast 1100mV 0C Model Minimum Pulse Width 'cpu:cpu1|datapath:datapath1|flop_enable_reset:instruction_register|q[12]'
Slack : 0.204
TNS   : 0.000

Type  : Fast 1100mV 0C Model Minimum Pulse Width 'cpu:cpu1|datapath:datapath1|flop_enable_reset:instruction_register|q[4]'
Slack : 0.272
TNS   : 0.000

Type  : Fast 1100mV 0C Model Minimum Pulse Width 'cpu:cpu1|controller:controller1|state.DECODE'
Slack : 0.374
TNS   : 0.000

------------------------------------------------------------
